// Jest Snapshot v1, https://goo.gl/fbAQLP

exports[`Filter rendering should render 1`] = `
<div>
  <button
    className="btn btn-primary btn-sm mr-1 mb-1"
    onClick={[Function]}
  >
    All
  </button>
  <button
    className="btn btn-primary btn-sm mr-1 mb-1"
    onClick={[Function]}
  >
    Pending
  </button>
  <button
    className="btn btn-primary btn-sm mb-1"
    onClick={[Function]}
  >
    Completed
  </button>
</div>
`;
