// Jest Snapshot v1, https://goo.gl/fbAQLP

exports[`Todo rendering should render item 1`] = `
<div>
  <button
    className="btn btn-danger btn-sm mt-1 mr-1"
    onClick={[Function]}
  >
    Delete
  </button>
  <button
    className="btn btn-success btn-sm mt-1 mr-3"
    onClick={[Function]}
  >
    Toggle
  </button>
  <span
    style={
      Object {
        "textDecoration": "",
      }
    }
  >
    mock content
  </span>
</div>
`;
