// Jest Snapshot v1, https://goo.gl/fbAQLP

exports[`Form rendering should render text form 1`] = `
<form>
  <div
    className="input-group mb-3"
  >
    <input
      onChange={[Function]}
      placeholder="write a reminder..."
      type="text"
      value=""
    />
    <div
      class="input-group-append"
    >
      <button
        className="btn btn-primary btn-sm"
        onClick={[Function]}
      >
        Add
      </button>
    </div>
  </div>
</form>
`;
