// Jest Snapshot v1, https://goo.gl/fbAQLP

exports[`App rendering should render simple todo list 1`] = `
<div
  className="container"
>
  <h1>
    TODO List
  </h1>
  <ol>
    <li
      key="todo-0"
    >
      todo text 1
    </li>
    <li
      key="todo-1"
    >
      todo text 2
    </li>
    <li
      key="todo-2"
    >
      todo text 3
    </li>
  </ol>
</div>
`;
