// Jest Snapshot v1, https://goo.gl/fbAQLP

exports[`App rendering should render simple todo list 1`] = `
<div
  className="container"
>
  <h1>
    TODO List
  </h1>
  <TodoList
    items={
      Array [
        Object {
          "content": "todo text 1",
          "id": "1",
        },
        Object {
          "content": "todo text 2",
          "id": "2",
        },
      ]
    }
  />
</div>
`;
